// Jest Snapshot v1, https://goo.gl/fbAQLP

exports[`NameFrom matches snapshot 1`] = `
<form
  onSubmit={[Function]}
>
  <label
    htmlFor="name"
  >
    이름
    <input
      id="name"
      onChange={[Function]}
      type="text"
      value=""
    />
  </label>
  <button
    type="submit"
  >
    등록
  </button>
</form>
`;
