// Jest Snapshot v1, https://goo.gl/fbAQLP

exports[`NameList matches snapshot 1`] = `
<ul>
  <li
    className="list_0"
    key="로이_0"
  >
    로이
  </li>
  <li
    className="list_1"
    key="심현수_1"
  >
    심현수
  </li>
</ul>
`;
